[paranormal4.com/index.html]
[backblue.gif]
[fade.gif]
[index.html]
[paranormal4.com/feed/index.html]
[paranormal4.com/comments/feed/index.html]
[paranormal4.com/wp-json/oembed/1.0/embed2e402e40.json]
[paranormal4.com/wp-content/themes/astra/assets/css/minified/frontend.min39403940.css]
[paranormal4.com/wp-content/themes/astra/assets/fonts/astra.woff]
[paranormal4.com/wp-content/plugins/creame-whatsapp-me/public/css/joinchat-btn.min6fb36fb3.css]
[paranormal4.com/wp-content/plugins/elementor/assets/lib/eicons/css/elementor-icons.mindff9dff9.css]
[paranormal4.com/wp-content/plugins/elementor/assets/css/frontend.min16781678.css]
[paranormal4.com/wp-content/uploads/elementor/css/post-44221392139.css]
[paranormal4.com/wp-content/plugins/elementor/assets/lib/font-awesome/css/all.min16781678.css]
[paranormal4.com/wp-content/plugins/elementor/assets/lib/font-awesome/css/v4-shims.min16781678.css]
[paranormal4.com/wp-content/plugins/elementor/assets/css/widget-heading.min16781678.css]
[paranormal4.com/wp-content/plugins/elementor/assets/css/widget-divider.min16781678.css]
[paranormal4.com/wp-content/uploads/elementor/css/post-540a2f5a2f5.css]
[paranormal4.com/wp-content/uploads/elementor/google-fonts/css/roboto29062906.css]
[paranormal4.com/wp-content/uploads/elementor/google-fonts/css/robotoslab5f5c5f5c.css]
[paranormal4.com/wp-content/plugins/elementor/assets/lib/font-awesome/js/v4-shims.min16781678.js]
[paranormal4.com/wp-includes/js/jquery/jquery.minf43bf43b.js]
[paranormal4.com/wp-includes/js/jquery/jquery-migrate.min55895589.js]
[paranormal4.com/wp-json/index.html]
[paranormal4.com/wp-json/wp/v2/pages/540.json]
[paranormal4.com/xmlrpc0db00db0.html]
[paranormal4.com/index-2.html]
[paranormal4.com/ilmu-penutup-jodoh/index.html]
[paranormal4.com/ilmu-penglaris-usaha/index.html]
[paranormal4.com/ilmu-pembungkam/index.html]
[paranormal4.com/ilmu-buang-sial/index.html]
[paranormal4.com/ilmu-pengeret-harta/index.html]
[paranormal4.com/ilmu-penahluk-cinta/index.html]
[paranormal4.com/susuk-aura-pemikat/index.html]
[paranormal4.com/ilmu-pulangkan-orang/index.html]
[paranormal4.com/ilmu-pemutus-cinta/index.html]
[paranormal4.com/ilmu-kunci-kelamin/index.html]
[paranormal4.com/solusi-penutup-jodoh/index.html]
[paranormal4.com/wp-content/uploads/2024/01/WhatsApp-Image-2024-01-07-at-13.59.06.jpg]
[paranormal4.com/wp-content/uploads/2022/01/WhatsApp-Image-2021-12-30-at-09.30.47.jpg]
[paranormal4.com/wp-content/uploads/2022/01/WhatsApp-Image-2021-12-30-at-09.30.48.jpg]
[paranormal4.com/wp-content/uploads/2022/01/WhatsApp-Image-2021-12-30-at-09.30.49.jpg]
[paranormal4.com/wp-content/uploads/2022/01/WhatsApp-Image-2021-12-30-at-09.30.472.jpg]
[paranormal4.com/wp-content/uploads/2022/02/WhatsApp-Image-2022-02-10-at-21.49.53.jpg]
[paranormal4.com/wp-content/uploads/2022/01/WhatsApp-Image-2021-12-30-at-09.30.482.jpg]
[paranormal4.com/wp-content/themes/astra/assets/js/minified/frontend.min39403940.js]
[paranormal4.com/wp-includes/js/dist/dom-ready.min53465346.js]
[paranormal4.com/wp-content/plugins/astra-sites/inc/lib/onboarding/assets/dist/template-preview/main10061006.js]
[paranormal4.com/wp-content/plugins/creame-whatsapp-me/public/js/joinchat.min6fb36fb3.js]
[paranormal4.com/wp-content/plugins/elementor/assets/js/webpack.runtime.min16781678.js]
[paranormal4.com/wp-content/plugins/elementor/assets/js/frontend-modules.min16781678.js]
[paranormal4.com/wp-includes/js/jquery/ui/core.minb37eb37e.js]
[paranormal4.com/wp-content/plugins/elementor/assets/js/frontend.min16781678.js]
[paranormal4.com/index.html]
[s.w.org/images/core/emoji/17.0.2/72x72/1f448.png]
[paranormal4.com/feed/index.html]
[paranormal4.com/comments/feed/index.html]
[paranormal4.com/wp-json/oembed/1.0/embed207a207a.html]
[paranormal4.com/wp-content/themes/astra/assets/css/minified/frontend.min39403940.css]
[paranormal4.com/wp-content/plugins/creame-whatsapp-me/public/css/joinchat-btn.min6fb36fb3.css]
[paranormal4.com/wp-content/plugins/elementor/assets/lib/eicons/fonts/eicons99309930.eot]
[paranormal4.com/wp-content/plugins/elementor/assets/lib/eicons/fonts/eicons99309930.woff2]
[paranormal4.com/wp-content/plugins/elementor/assets/lib/eicons/fonts/eicons99309930.woff]
[paranormal4.com/wp-content/plugins/elementor/assets/lib/eicons/fonts/eicons99309930.ttf]
[paranormal4.com/wp-content/plugins/elementor/assets/lib/eicons/css/elementor-icons.mindff9dff9.css]
[paranormal4.com/wp-content/plugins/elementor/assets/css/frontend.min16781678.css]
[paranormal4.com/wp-content/uploads/elementor/css/post-44221392139.css]
[paranormal4.com/wp-content/plugins/elementor/assets/lib/eicons/fonts/eicons99309930.svg]
[paranormal4.com/wp-content/plugins/elementor/assets/lib/font-awesome/webfonts/fa-brands-400.eot]
[paranormal4.com/wp-content/plugins/elementor/assets/lib/font-awesome/webfonts/fa-brands-400d41dd41d.eot]
[paranormal4.com/wp-content/plugins/elementor/assets/lib/font-awesome/webfonts/fa-brands-400.woff2]
[paranormal4.com/wp-content/plugins/elementor/assets/lib/font-awesome/webfonts/fa-brands-400.woff]
[paranormal4.com/wp-content/plugins/elementor/assets/lib/font-awesome/webfonts/fa-brands-400.ttf]
[paranormal4.com/wp-content/plugins/elementor/assets/lib/font-awesome/webfonts/fa-brands-400.svg]
[paranormal4.com/wp-content/plugins/elementor/assets/lib/font-awesome/webfonts/fa-regular-400.eot]
[paranormal4.com/wp-content/plugins/elementor/assets/lib/font-awesome/webfonts/fa-regular-400d41dd41d.eot]
[paranormal4.com/wp-content/plugins/elementor/assets/lib/font-awesome/webfonts/fa-regular-400.woff2]
[paranormal4.com/wp-content/plugins/elementor/assets/lib/font-awesome/webfonts/fa-regular-400.woff]
[paranormal4.com/wp-content/plugins/elementor/assets/lib/font-awesome/webfonts/fa-regular-400.ttf]
[paranormal4.com/wp-content/plugins/elementor/assets/lib/font-awesome/webfonts/fa-regular-400.svg]
[paranormal4.com/wp-content/plugins/elementor/assets/lib/font-awesome/webfonts/fa-solid-900.eot]
[paranormal4.com/wp-content/plugins/elementor/assets/lib/font-awesome/webfonts/fa-solid-900d41dd41d.eot]
[paranormal4.com/wp-content/plugins/elementor/assets/lib/font-awesome/webfonts/fa-solid-900.woff2]
[paranormal4.com/wp-content/plugins/elementor/assets/lib/font-awesome/webfonts/fa-solid-900.woff]
[paranormal4.com/wp-content/plugins/elementor/assets/lib/font-awesome/webfonts/fa-solid-900.ttf]
[paranormal4.com/wp-content/plugins/elementor/assets/lib/font-awesome/css/all.min16781678.css]
[paranormal4.com/wp-content/plugins/elementor/assets/lib/font-awesome/css/v4-shims.min16781678.css]
[paranormal4.com/wp-content/plugins/elementor/assets/css/widget-heading.min16781678.css]
[paranormal4.com/wp-content/plugins/elementor/assets/css/widget-divider.min16781678.css]
[paranormal4.com/wp-content/plugins/elementor/assets/css/widget-image.min16781678.css]
[paranormal4.com/wp-content/plugins/elementor/assets/lib/font-awesome/webfonts/fa-solid-900.svg]
[paranormal4.com/wp-content/uploads/2022/02/paranormal-sakti.jpg]
[paranormal4.com/wp-content/uploads/elementor/css/post-540a2f5a2f5.css]
[paranormal4.com/wp-content/uploads/elementor/google-fonts/fonts/roboto-aa47213c.woff2]
[paranormal4.com/wp-content/uploads/elementor/google-fonts/fonts/roboto-60dc2a88.woff2]
[paranormal4.com/wp-content/uploads/elementor/google-fonts/fonts/roboto-88769a1e.woff2]
[paranormal4.com/wp-content/uploads/elementor/google-fonts/fonts/roboto-0585f5a7.woff2]
[paranormal4.com/wp-content/uploads/elementor/google-fonts/fonts/roboto-244686ad.woff2]
[paranormal4.com/wp-content/uploads/elementor/google-fonts/fonts/roboto-58e5057a.woff2]
[paranormal4.com/wp-content/uploads/elementor/google-fonts/fonts/roboto-c012394d.woff2]
[paranormal4.com/wp-content/uploads/elementor/google-fonts/fonts/roboto-b8c55b0e.woff2]
[paranormal4.com/wp-content/uploads/elementor/google-fonts/fonts/roboto-6fa0783f.woff2]
[paranormal4.com/wp-content/uploads/elementor/google-fonts/css/roboto29062906.css]
[paranormal4.com/wp-content/uploads/elementor/google-fonts/css/robotoslab5f5c5f5c.css]
[paranormal4.com/wp-content/plugins/elementor/assets/lib/font-awesome/js/v4-shims.min16781678.js]
[paranormal4.com/wp-includes/js/jquery/jquery.minf43bf43b.js]
[paranormal4.com/wp-includes/js/jquery/jquery-migrate.min55895589.js]
[paranormal4.com/wp-json/index.html]
[paranormal4.com/xmlrpc0db00db0.html]
[paranormal4.com/index-2.html]
[paranormal4.com/Trident/index.html]
[paranormal4.com/ilmu-penutup-jodoh/index.html]
[paranormal4.com/ilmu-penglaris-usaha/index.html]
[paranormal4.com/ilmu-pembungkam/index.html]
[paranormal4.com/ilmu-buang-sial/index.html]
[paranormal4.com/ilmupemikatwanita.com/wp-content/uploads/2022/01/20200825_111426_20200827140237710_20200827141410751_20200905.jpg]
[paranormal4.com/ilmu-pengeret-harta/index.html]
[paranormal4.com/ilmu-penahluk-cinta/index.html]
[paranormal4.com/susuk-aura-pemikat/index.html]
[paranormal4.com/ilmu-pulangkan-orang/index.html]
[paranormal4.com/ilmu-pemutus-cinta/index.html]
[paranormal4.com/ilmu-kunci-kelamin/index.html]
[paranormal4.com/solusi-penutup-jodoh/index.html]
[paranormal4.com/wp-content/themes/astra/assets/js/minified/frontend.min39403940.js]
[paranormal4.com/wp-includes/js/dist/dom-ready.min53465346.js]
[paranormal4.com/wp-content/plugins/astra-sites/inc/lib/onboarding/assets/dist/template-preview/main10061006.js]
[paranormal4.com/c.location]
[paranormal4.com/wp-content/plugins/creame-whatsapp-me/public/js/joinchat.min6fb36fb3.js]
[paranormal4.com/wp-content/plugins/elementor/assets/js/webpack.runtime.min16781678.js]
[paranormal4.com/wp-content/plugins/elementor/assets/js/frontend-modules.min16781678.js]
[paranormal4.com/wp-includes/js/jquery/ui/core.minb37eb37e.js]
[paranormal4.com/wp-content/plugins/elementor/assets/js/frontend.min16781678.js]
[paranormal4.com/wp-content/plugins/elementor/assets/lib/eicons/fonts/eicons99309930.svg]
[paranormal4.com/wp-content/plugins/elementor/assets/lib/font-awesome/webfonts/fa-brands-400.svg]
[paranormal4.com/wp-content/plugins/elementor/assets/lib/font-awesome/webfonts/fa-regular-400.svg]
[paranormal4.com/OPR/index.html]
[paranormal4.com/wp-content/plugins/elementor/assets/lib/font-awesome/webfonts/fa-solid-900.svg]
[paranormal4.com/wp-content/uploads/elementor/google-fonts/fonts/roboto-1dba1bc2.html]
[paranormal4.com/wp-content/uploads/elementor/google-fonts/fonts/roboto-c4482425.html]
[paranormal4.com/wp-content/uploads/elementor/google-fonts/fonts/roboto-a1dc56af.html]
[paranormal4.com/wp-content/uploads/elementor/google-fonts/fonts/roboto-20c48c4e.html]
[paranormal4.com/wp-content/uploads/elementor/google-fonts/fonts/roboto-3603e9b2.html]
[paranormal4.com/wp-content/uploads/elementor/google-fonts/fonts/roboto-31b09f96.html]
[paranormal4.com/wp-content/uploads/elementor/google-fonts/fonts/roboto-bf5e5259.html]
[paranormal4.com/wp-content/uploads/elementor/google-fonts/fonts/roboto-41d25e69.html]
[paranormal4.com/wp-content/uploads/elementor/google-fonts/fonts/roboto-fb5169d9.html]
[paranormal4.com/wp-content/uploads/elementor/google-fonts/fonts/robotoslab-83dfed57.html]
[paranormal4.com/wp-content/uploads/elementor/google-fonts/fonts/robotoslab-f7c1acf8.html]
[paranormal4.com/wp-content/uploads/elementor/google-fonts/fonts/robotoslab-f5125d80.html]
[paranormal4.com/wp-content/uploads/elementor/google-fonts/fonts/robotoslab-7335a6ac.html]
[paranormal4.com/wp-content/uploads/elementor/google-fonts/fonts/robotoslab-a3e20834.html]
[paranormal4.com/wp-content/uploads/elementor/google-fonts/fonts/robotoslab-ecf35e38.html]
[paranormal4.com/wp-content/uploads/elementor/google-fonts/fonts/robotoslab-09b550e6.html]
[paranormal4.com/Trident/index.html]
[paranormal4.com/wp-json/oembed/1.0/embed59ab59ab.html]
[paranormal4.com/wp-json/oembed/1.0/embeda731a731.html]
[paranormal4.com/wp-includes/css/dist/block-library/style.minb34eb34e.html]
[paranormal4.com/wp-json/wp/v2/posts/842.html]
[paranormal4.com/index22b322b3.html]
[paranormal4.com/category/info/index.html]
[paranormal4.com/hello-world/index.html]
[paranormal4.com/wp-json/oembed/1.0/embed85e685e6.html]
[paranormal4.com/wp-json/oembed/1.0/embed7cf37cf3.html]
[paranormal4.com/wp-json/wp/v2/posts/849.html]
[paranormal4.com/indexf573f573.html]
[paranormal4.com/wp-json/oembed/1.0/embedb30cb30c.html]
[paranormal4.com/wp-json/oembed/1.0/embed39c639c6.html]
[paranormal4.com/wp-json/wp/v2/posts/851.html]
[paranormal4.com/index905a905a.html]
[paranormal4.com/wp-json/oembed/1.0/embedd575d575.html]
[paranormal4.com/wp-json/oembed/1.0/embed63f563f5.html]
[paranormal4.com/wp-json/wp/v2/posts/853.html]
[paranormal4.com/index9fe19fe1.html]
[paranormal4.com/wp-json/oembed/1.0/embed641a641a.html]
[paranormal4.com/wp-json/oembed/1.0/embed24fc24fc.html]
[paranormal4.com/wp-json/wp/v2/posts/866.html]
[paranormal4.com/indexb4d9b4d9.html]
[paranormal4.com/ilmupemikatwanita.com/wp-content/uploads/2022/01/20200825_111426_20200827140237710_20200827141410751_20200905.html]
[paranormal4.com/wp-json/oembed/1.0/embed95859585.html]
[paranormal4.com/wp-json/oembed/1.0/embed3e8e3e8e.html]
[paranormal4.com/wp-json/wp/v2/posts/869.html]
[paranormal4.com/index71e271e2.html]
[paranormal4.com/wp-json/oembed/1.0/embed6b946b94.html]
[paranormal4.com/wp-json/oembed/1.0/embede68be68b.html]
[paranormal4.com/wp-json/wp/v2/posts/871.html]
[paranormal4.com/indexaaabaaab.html]
[paranormal4.com/wp-json/oembed/1.0/embed3be63be6.html]
[paranormal4.com/wp-json/oembed/1.0/embedf44af44a.html]
[paranormal4.com/wp-json/wp/v2/posts/873.html]
[paranormal4.com/indexcc82cc82.html]
[paranormal4.com/wp-json/oembed/1.0/embed23752375.html]
[paranormal4.com/wp-json/oembed/1.0/embed2dff2dff.html]
[paranormal4.com/wp-json/wp/v2/posts/875.html]
[paranormal4.com/index527a527a.html]
[paranormal4.com/wp-json/oembed/1.0/embed59965996.html]
[paranormal4.com/wp-json/oembed/1.0/embed70747074.html]
[paranormal4.com/wp-json/wp/v2/posts/877.html]
[paranormal4.com/indexe1f1e1f1.html]
[paranormal4.com/wp-json/oembed/1.0/embed1f8e1f8e.html]
[paranormal4.com/wp-json/oembed/1.0/embed63026302.html]
[paranormal4.com/wp-json/wp/v2/posts/895.html]
[paranormal4.com/index12e912e9.html]
[paranormal4.com/c.html]
[paranormal4.com/OPR/index.html]
[ilmupemikatwanita.com/wp-content/uploads/2022/01/20200825_111426_20200827140237710_20200827141410751_20200905.jpg]
